05:30:14 Plane: 54 linked | states 7 modules 13 cycles 4
05:30:15 GitHub: 54 issue F-*
05:32:25 DONE: trigger-new=0 state=53 desc=54 module+=0 cycle+=1
05:45:13 Plane: 54 linked | states 7 modules 13 cycles 4
05:45:14 GitHub: 54 issue F-*
05:47:12 DONE: trigger-new=0 state=53 desc=54 module+=0 cycle+=0
06:00:18 Plane: 54 linked | states 7 modules 13 cycles 4
06:00:19 GitHub: 54 issue F-*
06:02:16 DONE: trigger-new=0 state=53 desc=54 module+=0 cycle+=0
06:15:13 Plane: 54 linked | states 7 modules 13 cycles 4
06:15:14 GitHub: 54 issue F-*
06:17:18 DONE: trigger-new=0 state=53 desc=54 module+=0 cycle+=0 prio=0 type+=0
06:30:13 Plane: 56 linked | states 7 modules 13 cycles 4
06:30:14 GitHub: 54 issue F-*
06:32:24 DONE: trigger-new=0 state=53 desc=54 module+=0 cycle+=0 prio=0 type+=0 parent=3 child-trig=0
06:45:13 Plane: 56 linked | states 7 modules 13 cycles 4
06:45:14 GitHub: 54 issue F-*
06:47:24 DONE: trigger-new=0 state=53 desc=54 module+=0 cycle+=0 prio=0 type+=0 parent=3 child-trig=0
07:00:18 Plane: 56 linked | states 7 modules 13 cycles 4
07:00:18 GitHub: 54 issue F-*
07:02:21 DONE: trigger-new=0 state=53 desc=54 module+=0 cycle+=0 prio=0 type+=0 parent=3 child-trig=0
07:15:17 Plane: 56 linked | states 7 modules 13 cycles 4
07:15:18 GitHub: 54 issue F-*
07:17:22 DONE: trigger-new=0 state=53 desc=54 module+=0 cycle+=0 prio=0 type+=0 parent=3 child-trig=0
07:26:44 Plane: 56 linked | states 7 modules 13 cycles 4
07:26:45 GitHub: 54 issue F-*
07:28:54 DONE: trigger-new=0 state=54 desc=54 module+=1 cycle+=0 prio=0 type+=0 parent=3 child-trig=0
07:30:13 Plane: 56 linked | states 7 modules 13 cycles 4
07:30:14 GitHub: 54 issue F-*
07:32:29 DONE: trigger-new=0 state=54 desc=54 module+=0 cycle+=0 prio=0 type+=0 parent=3 child-trig=0
07:45:13 Plane: 56 linked | states 7 modules 13 cycles 4
07:45:14 GitHub: 54 issue F-*
07:47:26 DONE: trigger-new=0 state=54 desc=54 module+=0 cycle+=0 prio=0 type+=0 parent=3 child-trig=0
08:00:17 Plane: 56 linked | states 7 modules 13 cycles 4
08:00:18 GitHub: 54 issue F-*
08:02:26 DONE: trigger-new=0 state=54 desc=54 module+=0 cycle+=0 prio=0 type+=0 parent=3 child-trig=0
08:15:13 Plane: 56 linked | states 7 modules 13 cycles 4
08:15:14 GitHub: 54 issue F-*
08:17:21 DONE: trigger-new=0 state=54 desc=54 module+=0 cycle+=0 prio=0 type+=0 parent=3 child-trig=0
08:30:14 Plane: 56 linked | states 7 modules 13 cycles 4
08:30:15 GitHub: 54 issue F-*
08:32:19 DONE: trigger-new=0 state=54 desc=54 module+=0 cycle+=0 prio=0 type+=0 parent=3 child-trig=0
08:45:16 Plane: 56 linked | states 7 modules 13 cycles 4
08:45:17 GitHub: 54 issue F-*
08:47:30 DONE: trigger-new=0 state=54 desc=54 module+=0 cycle+=0 prio=0 type+=0 parent=3 child-trig=0
09:00:15 Plane: 56 linked | states 7 modules 13 cycles 4
09:00:16 GitHub: 54 issue F-*
09:02:28 DONE: trigger-new=0 state=54 desc=54 module+=0 cycle+=0 prio=0 type+=0 parent=3 child-trig=0
09:15:13 Plane: 56 linked | states 7 modules 13 cycles 4
09:15:14 GitHub: 54 issue F-*
09:17:23 DONE: trigger-new=0 state=54 desc=54 module+=0 cycle+=0 prio=0 type+=0 parent=3 child-trig=0
09:30:13 Plane: 56 linked | states 7 modules 13 cycles 4
09:30:14 GitHub: 54 issue F-*
09:32:23 DONE: trigger-new=0 state=54 desc=54 module+=0 cycle+=0 prio=0 type+=0 parent=3 child-trig=0
09:45:14 Plane: 56 linked | states 7 modules 13 cycles 4
09:45:15 GitHub: 54 issue F-*
09:47:26 DONE: trigger-new=0 state=54 desc=54 module+=0 cycle+=0 prio=0 type+=0 parent=3 child-trig=0
10:00:15 Plane: 56 linked | states 7 modules 13 cycles 4
10:00:16 GitHub: 54 issue F-*
10:02:28 DONE: trigger-new=0 state=54 desc=54 module+=0 cycle+=0 prio=0 type+=0 parent=3 child-trig=0
10:15:14 Plane: 56 linked | states 7 modules 13 cycles 4
10:15:15 GitHub: 54 issue F-*
10:17:44 DONE: trigger-new=0 state=54 desc=54 module+=0 cycle+=0 prio=0 type+=0 parent=3 child-trig=0
10:30:13 Plane: 56 linked | states 7 modules 13 cycles 4
10:30:14 GitHub: 54 issue F-*
10:32:26 DONE: trigger-new=0 state=54 desc=54 module+=0 cycle+=0 prio=0 type+=0 parent=3 child-trig=0
10:45:20 Plane: 56 linked | states 7 modules 13 cycles 4
10:45:21 GitHub: 54 issue F-*
10:47:42 DONE: trigger-new=0 state=54 desc=54 module+=0 cycle+=0 prio=0 type+=0 parent=3 child-trig=0
11:00:14 Plane: 56 linked | states 7 modules 13 cycles 4
11:00:15 GitHub: 54 issue F-*
11:02:26 DONE: trigger-new=0 state=54 desc=54 module+=0 cycle+=0 prio=0 type+=0 parent=3 child-trig=0
11:15:13 Plane: 56 linked | states 7 modules 13 cycles 4
11:15:14 GitHub: 54 issue F-*
11:17:27 DONE: trigger-new=0 state=54 desc=54 module+=0 cycle+=0 prio=0 type+=0 parent=3 child-trig=0
11:30:13 Plane: 56 linked | states 7 modules 13 cycles 4
11:30:13 GitHub: 54 issue F-*
11:32:30 DONE: trigger-new=0 state=54 desc=54 module+=0 cycle+=0 prio=0 type+=0 parent=3 child-trig=0
11:45:13 Plane: 56 linked | states 7 modules 13 cycles 4
11:45:14 GitHub: 54 issue F-*
11:47:20 DONE: trigger-new=0 state=54 desc=54 module+=0 cycle+=0 prio=0 type+=0 parent=3 child-trig=0
12:00:16 Plane: 56 linked | states 7 modules 13 cycles 4
12:00:17 GitHub: 54 issue F-*
12:02:24 DONE: trigger-new=0 state=54 desc=54 module+=0 cycle+=0 prio=0 type+=0 parent=3 child-trig=0
12:15:13 Plane: 56 linked | states 7 modules 13 cycles 4
12:15:14 GitHub: 54 issue F-*
12:18:00 DONE: trigger-new=0 state=54 desc=54 module+=0 cycle+=0 prio=0 type+=0 parent=3 child-trig=0
12:30:13 Plane: 56 linked | states 7 modules 13 cycles 4
12:30:14 GitHub: 54 issue F-*
12:32:24 DONE: trigger-new=0 state=54 desc=54 module+=0 cycle+=0 prio=0 type+=0 parent=3 child-trig=0
12:45:13 Plane: 56 linked | states 7 modules 13 cycles 4
12:45:14 GitHub: 54 issue F-*
12:47:28 DONE: trigger-new=0 state=54 desc=54 module+=0 cycle+=0 prio=0 type+=0 parent=3 child-trig=0
13:00:15 Plane: 56 linked | states 7 modules 13 cycles 4
13:00:15 GitHub: 54 issue F-*
13:02:28 DONE: trigger-new=0 state=54 desc=54 module+=0 cycle+=0 prio=0 type+=0 parent=3 child-trig=0
13:15:13 Plane: 56 linked | states 7 modules 13 cycles 4
13:15:14 GitHub: 54 issue F-*
13:17:26 DONE: trigger-new=0 state=54 desc=54 module+=0 cycle+=0 prio=0 type+=0 parent=3 child-trig=0
13:30:14 Plane: 56 linked | states 7 modules 13 cycles 4
13:30:15 GitHub: 54 issue F-*
13:32:26 DONE: trigger-new=0 state=54 desc=54 module+=0 cycle+=0 prio=0 type+=0 parent=3 child-trig=0
13:45:14 Plane: 56 linked | states 7 modules 13 cycles 4
13:45:15 GitHub: 54 issue F-*
13:47:27 DONE: trigger-new=0 state=54 desc=54 module+=0 cycle+=0 prio=0 type+=0 parent=3 child-trig=0
14:00:15 Plane: 56 linked | states 7 modules 13 cycles 4
14:00:15 GitHub: 54 issue F-*
14:02:27 DONE: trigger-new=0 state=54 desc=54 module+=0 cycle+=0 prio=0 type+=0 parent=3 child-trig=0
14:15:13 Plane: 56 linked | states 7 modules 13 cycles 4
14:15:14 GitHub: 54 issue F-*
14:17:25 DONE: trigger-new=0 state=54 desc=54 module+=0 cycle+=0 prio=0 type+=0 parent=3 child-trig=0
14:30:13 Plane: 56 linked | states 7 modules 13 cycles 4
14:30:14 GitHub: 54 issue F-*
14:32:24 DONE: trigger-new=0 state=54 desc=54 module+=0 cycle+=0 prio=0 type+=0 parent=3 child-trig=0
14:45:13 Plane: 56 linked | states 7 modules 13 cycles 4
14:45:14 GitHub: 54 issue F-*
14:47:26 DONE: trigger-new=0 state=54 desc=54 module+=0 cycle+=0 prio=0 type+=0 parent=3 child-trig=0
15:00:43 Plane: 56 linked | states 7 modules 13 cycles 4
15:00:44 GitHub: 54 issue F-*
15:02:54 DONE: trigger-new=0 state=54 desc=54 module+=0 cycle+=0 prio=0 type+=0 parent=3 child-trig=0
15:15:13 Plane: 56 linked | states 7 modules 13 cycles 4
15:15:14 GitHub: 54 issue F-*
15:17:17 DONE: trigger-new=0 state=54 desc=54 module+=0 cycle+=0 prio=0 type+=0 parent=3 child-trig=0
15:30:13 Plane: 56 linked | states 7 modules 13 cycles 4
15:30:14 GitHub: 54 issue F-*
15:32:25 DONE: trigger-new=0 state=54 desc=54 module+=0 cycle+=0 prio=0 type+=0 parent=3 child-trig=0
15:45:13 Plane: 56 linked | states 7 modules 13 cycles 4
15:45:13 GitHub: 54 issue F-*
15:47:25 DONE: trigger-new=0 state=54 desc=54 module+=0 cycle+=0 prio=0 type+=0 parent=3 child-trig=0
16:01:18 Plane: 56 linked | states 7 modules 13 cycles 4
16:01:19 GitHub: 54 issue F-*
16:03:53 DONE: trigger-new=0 state=54 desc=54 module+=0 cycle+=0 prio=0 type+=0 parent=3 child-trig=0
16:15:13 Plane: 56 linked | states 7 modules 13 cycles 4
16:15:14 GitHub: 54 issue F-*
16:17:26 DONE: trigger-new=0 state=54 desc=54 module+=0 cycle+=0 prio=0 type+=0 parent=3 child-trig=0
16:30:15 Plane: 56 linked | states 7 modules 13 cycles 4
16:30:16 GitHub: 54 issue F-*
16:32:26 DONE: trigger-new=0 state=54 desc=54 module+=0 cycle+=0 prio=0 type+=0 parent=3 child-trig=0
16:45:13 Plane: 56 linked | states 7 modules 13 cycles 4
16:45:14 GitHub: 54 issue F-*
16:47:24 DONE: trigger-new=0 state=54 desc=54 module+=0 cycle+=0 prio=0 type+=0 parent=3 child-trig=0
17:00:15 Plane: 56 linked | states 7 modules 13 cycles 4
17:00:15 GitHub: 54 issue F-*
17:02:26 DONE: trigger-new=0 state=54 desc=54 module+=0 cycle+=0 prio=0 type+=0 parent=3 child-trig=0
17:15:13 Plane: 56 linked | states 7 modules 13 cycles 4
17:15:14 GitHub: 54 issue F-*
17:17:23 DONE: trigger-new=0 state=54 desc=54 module+=0 cycle+=0 prio=0 type+=0 parent=3 child-trig=0
17:30:13 Plane: 56 linked | states 7 modules 13 cycles 4
17:30:14 GitHub: 54 issue F-*
17:32:24 DONE: trigger-new=0 state=54 desc=54 module+=0 cycle+=0 prio=0 type+=0 parent=3 child-trig=0
17:45:13 Plane: 56 linked | states 7 modules 13 cycles 4
17:45:13 GitHub: 54 issue F-*
17:47:24 DONE: trigger-new=0 state=54 desc=54 module+=0 cycle+=0 prio=0 type+=0 parent=3 child-trig=0
18:00:15 Plane: 56 linked | states 7 modules 13 cycles 4
18:00:16 GitHub: 54 issue F-*
18:02:30 DONE: trigger-new=0 state=54 desc=54 module+=0 cycle+=0 prio=0 type+=0 parent=3 child-trig=0
18:15:13 Plane: 56 linked | states 7 modules 13 cycles 4
18:15:14 GitHub: 54 issue F-*
18:17:26 DONE: trigger-new=0 state=54 desc=54 module+=0 cycle+=0 prio=0 type+=0 parent=3 child-trig=0
18:30:13 Plane: 56 linked | states 7 modules 13 cycles 4
18:30:14 GitHub: 54 issue F-*
18:32:25 DONE: trigger-new=0 state=54 desc=54 module+=0 cycle+=0 prio=0 type+=0 parent=3 child-trig=0
18:45:13 Plane: 56 linked | states 7 modules 13 cycles 4
18:45:14 GitHub: 54 issue F-*
18:47:22 DONE: trigger-new=0 state=54 desc=54 module+=0 cycle+=0 prio=0 type+=0 parent=3 child-trig=0
19:00:14 Plane: 56 linked | states 7 modules 13 cycles 4
19:00:15 GitHub: 54 issue F-*
19:02:26 DONE: trigger-new=0 state=54 desc=54 module+=0 cycle+=0 prio=0 type+=0 parent=3 child-trig=0
19:15:13 Plane: 56 linked | states 7 modules 13 cycles 4
19:15:14 GitHub: 54 issue F-*
19:17:24 DONE: trigger-new=0 state=54 desc=54 module+=0 cycle+=0 prio=0 type+=0 parent=3 child-trig=0
19:30:13 Plane: 56 linked | states 7 modules 13 cycles 4
19:30:13 GitHub: 54 issue F-*
19:32:30 DONE: trigger-new=0 state=54 desc=54 module+=0 cycle+=0 prio=0 type+=0 parent=3 child-trig=0
19:45:13 Plane: 56 linked | states 7 modules 13 cycles 4
19:45:13 GitHub: 54 issue F-*
19:47:25 DONE: trigger-new=0 state=54 desc=54 module+=0 cycle+=0 prio=0 type+=0 parent=3 child-trig=0
20:00:14 Plane: 56 linked | states 7 modules 13 cycles 4
20:00:15 GitHub: 54 issue F-*
20:02:26 DONE: trigger-new=0 state=54 desc=54 module+=0 cycle+=0 prio=0 type+=0 parent=3 child-trig=0
20:15:13 Plane: 56 linked | states 7 modules 13 cycles 4
20:15:14 GitHub: 54 issue F-*
20:17:24 DONE: trigger-new=0 state=54 desc=54 module+=0 cycle+=0 prio=0 type+=0 parent=3 child-trig=0
20:30:14 Plane: 56 linked | states 7 modules 13 cycles 4
20:30:14 GitHub: 54 issue F-*
20:32:25 DONE: trigger-new=0 state=54 desc=54 module+=0 cycle+=0 prio=0 type+=0 parent=3 child-trig=0
20:45:13 Plane: 56 linked | states 7 modules 13 cycles 4
20:45:14 GitHub: 54 issue F-*
20:47:26 DONE: trigger-new=0 state=54 desc=54 module+=0 cycle+=0 prio=0 type+=0 parent=3 child-trig=0
21:00:14 Plane: 56 linked | states 7 modules 13 cycles 4
21:00:15 GitHub: 54 issue F-*
21:02:26 DONE: trigger-new=0 state=54 desc=54 module+=0 cycle+=0 prio=0 type+=0 parent=3 child-trig=0
21:15:13 Plane: 56 linked | states 7 modules 13 cycles 4
21:15:13 GitHub: 54 issue F-*
21:17:19 DONE: trigger-new=0 state=54 desc=54 module+=0 cycle+=0 prio=0 type+=0 parent=3 child-trig=0
21:30:13 Plane: 56 linked | states 7 modules 13 cycles 4
21:30:14 GitHub: 54 issue F-*
21:32:27 DONE: trigger-new=0 state=54 desc=54 module+=0 cycle+=0 prio=0 type+=0 parent=3 child-trig=0
21:45:13 Plane: 56 linked | states 7 modules 13 cycles 4
21:45:14 GitHub: 54 issue F-*
21:47:25 DONE: trigger-new=0 state=54 desc=54 module+=0 cycle+=0 prio=0 type+=0 parent=3 child-trig=0
22:00:16 Plane: 56 linked | states 7 modules 13 cycles 4
22:00:17 GitHub: 54 issue F-*
22:02:28 DONE: trigger-new=0 state=54 desc=54 module+=0 cycle+=0 prio=0 type+=0 parent=3 child-trig=0
22:15:13 Plane: 56 linked | states 7 modules 13 cycles 4
22:15:14 GitHub: 54 issue F-*
22:17:34 DONE: trigger-new=0 state=54 desc=54 module+=0 cycle+=0 prio=0 type+=0 parent=3 child-trig=0
22:30:13 Plane: 56 linked | states 7 modules 13 cycles 4
22:30:14 GitHub: 54 issue F-*
22:32:24 DONE: trigger-new=0 state=54 desc=54 module+=0 cycle+=0 prio=0 type+=0 parent=3 child-trig=0
22:45:12 Plane: 56 linked | states 7 modules 13 cycles 4
22:45:13 GitHub: 54 issue F-*
22:47:24 DONE: trigger-new=0 state=54 desc=54 module+=0 cycle+=0 prio=0 type+=0 parent=3 child-trig=0
23:00:15 Plane: 56 linked | states 7 modules 13 cycles 4
23:00:15 GitHub: 54 issue F-*
23:02:19 DONE: trigger-new=0 state=54 desc=54 module+=0 cycle+=0 prio=0 type+=0 parent=3 child-trig=0
23:15:13 Plane: 56 linked | states 7 modules 13 cycles 4
23:15:14 GitHub: 54 issue F-*
23:17:24 DONE: trigger-new=0 state=54 desc=54 module+=0 cycle+=0 prio=0 type+=0 parent=3 child-trig=0
23:30:13 Plane: 56 linked | states 7 modules 13 cycles 4
23:30:14 GitHub: 54 issue F-*
23:32:25 DONE: trigger-new=0 state=54 desc=54 module+=0 cycle+=0 prio=0 type+=0 parent=3 child-trig=0
23:45:13 Plane: 56 linked | states 7 modules 13 cycles 4
23:45:14 GitHub: 54 issue F-*
23:47:24 DONE: trigger-new=0 state=54 desc=54 module+=0 cycle+=0 prio=0 type+=0 parent=3 child-trig=0
00:00:15 Plane: 56 linked | states 7 modules 13 cycles 4
00:00:16 GitHub: 54 issue F-*
00:02:31 DONE: trigger-new=0 state=54 desc=54 module+=0 cycle+=0 prio=0 type+=0 parent=3 child-trig=0
00:15:13 Plane: 56 linked | states 7 modules 13 cycles 4
00:15:14 GitHub: 54 issue F-*
00:17:24 DONE: trigger-new=0 state=54 desc=54 module+=0 cycle+=0 prio=0 type+=0 parent=3 child-trig=0
00:30:14 Plane: 56 linked | states 7 modules 13 cycles 4
00:30:15 GitHub: 54 issue F-*
00:32:26 DONE: trigger-new=0 state=54 desc=54 module+=0 cycle+=0 prio=0 type+=0 parent=3 child-trig=0
00:45:13 Plane: 56 linked | states 7 modules 13 cycles 4
00:45:14 GitHub: 54 issue F-*
00:47:25 DONE: trigger-new=0 state=54 desc=54 module+=0 cycle+=0 prio=0 type+=0 parent=3 child-trig=0
01:00:14 Plane: 56 linked | states 7 modules 13 cycles 4
01:00:15 GitHub: 54 issue F-*
01:02:25 DONE: trigger-new=0 state=54 desc=54 module+=0 cycle+=0 prio=0 type+=0 parent=3 child-trig=0
01:15:14 Plane: 56 linked | states 7 modules 13 cycles 4
01:15:14 GitHub: 54 issue F-*
01:17:28 DONE: trigger-new=0 state=54 desc=54 module+=0 cycle+=0 prio=0 type+=0 parent=3 child-trig=0
01:30:13 Plane: 56 linked | states 7 modules 13 cycles 4
01:30:14 GitHub: 54 issue F-*
01:32:22 DONE: trigger-new=0 state=54 desc=54 module+=0 cycle+=0 prio=0 type+=0 parent=3 child-trig=0
01:45:13 Plane: 56 linked | states 7 modules 13 cycles 4
01:45:15 GitHub: 54 issue F-*
01:47:18 DONE: trigger-new=0 state=54 desc=54 module+=0 cycle+=0 prio=0 type+=0 parent=3 child-trig=0
02:00:14 Plane: 56 linked | states 7 modules 13 cycles 4
02:00:15 GitHub: 54 issue F-*
02:02:19 DONE: trigger-new=0 state=54 desc=54 module+=0 cycle+=0 prio=0 type+=0 parent=3 child-trig=0
02:15:14 Plane: 56 linked | states 7 modules 13 cycles 4
02:15:15 GitHub: 54 issue F-*
02:17:26 DONE: trigger-new=0 state=54 desc=54 module+=0 cycle+=0 prio=0 type+=0 parent=3 child-trig=0
02:30:13 Plane: 56 linked | states 7 modules 13 cycles 4
02:30:14 GitHub: 54 issue F-*
02:32:25 DONE: trigger-new=0 state=54 desc=54 module+=0 cycle+=0 prio=0 type+=0 parent=3 child-trig=0
02:45:13 Plane: 56 linked | states 7 modules 13 cycles 4
02:45:14 GitHub: 54 issue F-*
02:47:25 DONE: trigger-new=0 state=54 desc=54 module+=0 cycle+=0 prio=0 type+=0 parent=3 child-trig=0
03:00:15 Plane: 56 linked | states 7 modules 13 cycles 4
03:00:16 GitHub: 54 issue F-*
03:02:27 DONE: trigger-new=0 state=54 desc=54 module+=0 cycle+=0 prio=0 type+=0 parent=3 child-trig=0
03:15:13 Plane: 56 linked | states 7 modules 13 cycles 4
03:15:14 GitHub: 54 issue F-*
03:17:27 DONE: trigger-new=0 state=54 desc=54 module+=0 cycle+=0 prio=0 type+=0 parent=3 child-trig=0
03:30:13 Plane: 56 linked | states 7 modules 13 cycles 4
03:30:14 GitHub: 54 issue F-*
03:32:37 DONE: trigger-new=0 state=54 desc=54 module+=0 cycle+=0 prio=0 type+=0 parent=3 child-trig=0
03:45:13 Plane: 56 linked | states 7 modules 13 cycles 4
03:45:14 GitHub: 54 issue F-*
03:47:24 DONE: trigger-new=0 state=54 desc=54 module+=0 cycle+=0 prio=0 type+=0 parent=3 child-trig=0
04:00:14 Plane: 56 linked | states 7 modules 13 cycles 4
04:00:15 GitHub: 54 issue F-*
04:02:18 DONE: trigger-new=0 state=54 desc=54 module+=0 cycle+=0 prio=0 type+=0 parent=3 child-trig=0
04:15:14 Plane: 56 linked | states 7 modules 13 cycles 4
04:15:15 GitHub: 54 issue F-*
04:17:18 DONE: trigger-new=0 state=54 desc=54 module+=0 cycle+=0 prio=0 type+=0 parent=3 child-trig=0
04:30:14 Plane: 56 linked | states 7 modules 13 cycles 4
04:30:15 GitHub: 54 issue F-*
04:32:34 DONE: trigger-new=0 state=54 desc=54 module+=0 cycle+=0 prio=0 type+=0 parent=3 child-trig=0
04:45:13 Plane: 56 linked | states 7 modules 13 cycles 4
04:45:14 GitHub: 54 issue F-*
04:47:27 DONE: trigger-new=0 state=54 desc=54 module+=0 cycle+=0 prio=0 type+=0 parent=3 child-trig=0
05:00:15 Plane: 56 linked | states 7 modules 13 cycles 4
05:00:16 GitHub: 54 issue F-*
05:02:28 DONE: trigger-new=0 state=54 desc=54 module+=0 cycle+=0 prio=0 type+=0 parent=3 child-trig=0
05:15:13 Plane: 56 linked | states 7 modules 13 cycles 4
05:15:14 GitHub: 54 issue F-*
05:17:18 DONE: trigger-new=0 state=54 desc=54 module+=0 cycle+=0 prio=0 type+=0 parent=3 child-trig=0
05:30:18 Plane: 56 linked | states 7 modules 13 cycles 4
05:30:19 GitHub: 54 issue F-*
05:32:32 DONE: trigger-new=0 state=54 desc=54 module+=0 cycle+=0 prio=0 type+=0 parent=3 child-trig=0
05:45:14 Plane: 56 linked | states 7 modules 13 cycles 4
05:45:14 GitHub: 54 issue F-*
05:47:18 DONE: trigger-new=0 state=54 desc=54 module+=0 cycle+=0 prio=0 type+=0 parent=3 child-trig=0
06:00:13 Plane: 56 linked | states 7 modules 13 cycles 4
06:00:14 GitHub: 54 issue F-*
06:02:24 DONE: trigger-new=0 state=54 desc=54 module+=0 cycle+=0 prio=0 type+=0 parent=3 child-trig=0
06:15:13 Plane: 56 linked | states 7 modules 13 cycles 4
06:15:14 GitHub: 54 issue F-*
06:17:26 DONE: trigger-new=0 state=54 desc=54 module+=0 cycle+=0 prio=0 type+=0 parent=3 child-trig=0
06:30:14 Plane: 56 linked | states 7 modules 13 cycles 4
06:30:14 GitHub: 54 issue F-*
06:32:25 DONE: trigger-new=0 state=54 desc=54 module+=0 cycle+=0 prio=0 type+=0 parent=3 child-trig=0
06:45:14 Plane: 56 linked | states 7 modules 13 cycles 4
06:45:15 GitHub: 54 issue F-*
06:47:20 DONE: trigger-new=0 state=54 desc=54 module+=0 cycle+=0 prio=0 type+=0 parent=3 child-trig=0
07:00:15 Plane: 56 linked | states 7 modules 13 cycles 4
07:00:16 GitHub: 54 issue F-*
07:02:27 DONE: trigger-new=0 state=54 desc=54 module+=0 cycle+=0 prio=0 type+=0 parent=3 child-trig=0
07:15:13 Plane: 56 linked | states 7 modules 13 cycles 4
07:15:14 GitHub: 54 issue F-*
07:17:24 DONE: trigger-new=0 state=54 desc=54 module+=0 cycle+=0 prio=0 type+=0 parent=3 child-trig=0
07:30:13 Plane: 56 linked | states 7 modules 13 cycles 4
07:30:14 GitHub: 54 issue F-*
07:32:26 DONE: trigger-new=0 state=54 desc=54 module+=0 cycle+=0 prio=0 type+=0 parent=3 child-trig=0
07:45:13 Plane: 56 linked | states 7 modules 13 cycles 4
07:45:14 GitHub: 54 issue F-*
07:47:25 DONE: trigger-new=0 state=54 desc=54 module+=0 cycle+=0 prio=0 type+=0 parent=3 child-trig=0
08:00:14 Plane: 56 linked | states 7 modules 13 cycles 4
08:00:14 GitHub: 54 issue F-*
08:02:24 DONE: trigger-new=0 state=54 desc=54 module+=0 cycle+=0 prio=0 type+=0 parent=3 child-trig=0
08:15:13 Plane: 56 linked | states 7 modules 13 cycles 4
08:15:15 GitHub: 54 issue F-*
08:17:20 DONE: trigger-new=0 state=54 desc=54 module+=0 cycle+=0 prio=0 type+=0 parent=3 child-trig=0
08:30:13 Plane: 56 linked | states 7 modules 13 cycles 4
08:30:14 GitHub: 54 issue F-*
08:32:23 DONE: trigger-new=0 state=54 desc=54 module+=0 cycle+=0 prio=0 type+=0 parent=3 child-trig=0
08:45:13 Plane: 56 linked | states 7 modules 13 cycles 4
08:45:14 GitHub: 54 issue F-*
08:47:21 DONE: trigger-new=0 state=54 desc=54 module+=0 cycle+=0 prio=0 type+=0 parent=3 child-trig=0
09:00:15 Plane: 56 linked | states 7 modules 13 cycles 4
09:00:16 GitHub: 54 issue F-*
09:02:25 DONE: trigger-new=0 state=54 desc=54 module+=0 cycle+=0 prio=0 type+=0 parent=3 child-trig=0
09:15:13 Plane: 56 linked | states 7 modules 13 cycles 4
09:15:13 GitHub: 54 issue F-*
09:17:26 DONE: trigger-new=0 state=54 desc=54 module+=0 cycle+=0 prio=0 type+=0 parent=3 child-trig=0
09:30:13 Plane: 56 linked | states 7 modules 13 cycles 4
09:30:14 GitHub: 54 issue F-*
09:32:26 DONE: trigger-new=0 state=54 desc=54 module+=0 cycle+=0 prio=0 type+=0 parent=3 child-trig=0
09:45:13 Plane: 56 linked | states 7 modules 13 cycles 4
09:45:13 GitHub: 54 issue F-*
09:47:24 DONE: trigger-new=0 state=54 desc=54 module+=0 cycle+=0 prio=0 type+=0 parent=3 child-trig=0
10:00:14 Plane: 56 linked | states 7 modules 13 cycles 4
10:00:14 GitHub: 54 issue F-*
10:02:25 DONE: trigger-new=0 state=54 desc=54 module+=0 cycle+=0 prio=0 type+=0 parent=3 child-trig=0
10:15:13 Plane: 56 linked | states 7 modules 13 cycles 4
10:15:13 GitHub: 54 issue F-*
10:17:22 DONE: trigger-new=0 state=54 desc=54 module+=0 cycle+=0 prio=0 type+=0 parent=3 child-trig=0
10:30:13 Plane: 56 linked | states 7 modules 13 cycles 4
10:30:13 GitHub: 54 issue F-*
10:33:58 DONE: trigger-new=0 state=54 desc=54 module+=0 cycle+=0 prio=0 type+=0 parent=3 child-trig=0
10:45:13 Plane: 56 linked | states 7 modules 13 cycles 4
10:45:14 GitHub: 54 issue F-*
10:47:17 DONE: trigger-new=0 state=54 desc=54 module+=0 cycle+=0 prio=0 type+=0 parent=3 child-trig=0
11:00:14 Plane: 56 linked | states 7 modules 13 cycles 4
11:00:15 GitHub: 54 issue F-*
11:02:28 DONE: trigger-new=0 state=54 desc=54 module+=0 cycle+=0 prio=0 type+=0 parent=3 child-trig=0
11:15:13 Plane: 56 linked | states 7 modules 13 cycles 4
11:15:14 GitHub: 54 issue F-*
11:17:25 DONE: trigger-new=0 state=54 desc=54 module+=0 cycle+=0 prio=0 type+=0 parent=3 child-trig=0
11:30:13 Plane: 56 linked | states 7 modules 13 cycles 4
11:30:14 GitHub: 54 issue F-*
11:32:24 DONE: trigger-new=0 state=54 desc=54 module+=0 cycle+=0 prio=0 type+=0 parent=3 child-trig=0
11:45:13 Plane: 56 linked | states 7 modules 13 cycles 4
11:45:14 GitHub: 54 issue F-*
11:47:21 DONE: trigger-new=0 state=54 desc=54 module+=0 cycle+=0 prio=0 type+=0 parent=3 child-trig=0
12:00:15 Plane: 56 linked | states 7 modules 13 cycles 4
12:00:16 GitHub: 54 issue F-*
12:02:26 DONE: trigger-new=0 state=54 desc=54 module+=0 cycle+=0 prio=0 type+=0 parent=3 child-trig=0
12:15:13 Plane: 56 linked | states 7 modules 13 cycles 4
12:15:14 GitHub: 54 issue F-*
12:17:26 DONE: trigger-new=0 state=54 desc=54 module+=0 cycle+=0 prio=0 type+=0 parent=3 child-trig=0
12:30:13 Plane: 56 linked | states 7 modules 13 cycles 4
12:30:14 GitHub: 54 issue F-*
12:32:24 DONE: trigger-new=0 state=54 desc=54 module+=0 cycle+=0 prio=0 type+=0 parent=3 child-trig=0
12:45:13 Plane: 56 linked | states 7 modules 13 cycles 4
12:45:14 GitHub: 54 issue F-*
12:47:24 DONE: trigger-new=0 state=54 desc=54 module+=0 cycle+=0 prio=0 type+=0 parent=3 child-trig=0
13:00:14 Plane: 56 linked | states 7 modules 13 cycles 4
13:00:14 GitHub: 54 issue F-*
13:02:20 DONE: trigger-new=0 state=54 desc=54 module+=0 cycle+=0 prio=0 type+=0 parent=3 child-trig=0
13:15:14 Plane: 56 linked | states 7 modules 13 cycles 4
13:15:14 GitHub: 54 issue F-*
13:17:25 DONE: trigger-new=0 state=54 desc=54 module+=0 cycle+=0 prio=0 type+=0 parent=3 child-trig=0
13:30:14 Plane: 56 linked | states 7 modules 13 cycles 4
13:30:15 GitHub: 54 issue F-*
13:32:25 DONE: trigger-new=0 state=54 desc=54 module+=0 cycle+=0 prio=0 type+=0 parent=3 child-trig=0
13:45:13 Plane: 56 linked | states 7 modules 13 cycles 4
13:45:14 GitHub: 54 issue F-*
13:47:24 DONE: trigger-new=0 state=54 desc=54 module+=0 cycle+=0 prio=0 type+=0 parent=3 child-trig=0
14:00:15 Plane: 56 linked | states 7 modules 13 cycles 4
14:00:15 GitHub: 54 issue F-*
14:02:26 DONE: trigger-new=0 state=54 desc=54 module+=0 cycle+=0 prio=0 type+=0 parent=3 child-trig=0
14:15:14 Plane: 56 linked | states 7 modules 13 cycles 4
14:15:15 GitHub: 54 issue F-*
14:17:27 DONE: trigger-new=0 state=54 desc=54 module+=0 cycle+=0 prio=0 type+=0 parent=3 child-trig=0
14:30:13 Plane: 56 linked | states 7 modules 13 cycles 4
14:30:14 GitHub: 54 issue F-*
14:32:24 DONE: trigger-new=0 state=54 desc=54 module+=0 cycle+=0 prio=0 type+=0 parent=3 child-trig=0
14:45:14 Plane: 56 linked | states 7 modules 13 cycles 4
14:45:15 GitHub: 54 issue F-*
14:47:26 DONE: trigger-new=0 state=54 desc=54 module+=0 cycle+=0 prio=0 type+=0 parent=3 child-trig=0
15:00:15 Plane: 56 linked | states 7 modules 13 cycles 4
15:00:16 GitHub: 54 issue F-*
15:02:28 DONE: trigger-new=0 state=54 desc=54 module+=0 cycle+=0 prio=0 type+=0 parent=3 child-trig=0
15:15:13 Plane: 56 linked | states 7 modules 13 cycles 4
15:15:14 GitHub: 54 issue F-*
15:17:23 DONE: trigger-new=0 state=54 desc=54 module+=0 cycle+=0 prio=0 type+=0 parent=3 child-trig=0
15:30:18 Plane: 56 linked | states 7 modules 13 cycles 4
15:30:19 GitHub: 54 issue F-*
15:32:35 DONE: trigger-new=0 state=54 desc=54 module+=0 cycle+=0 prio=0 type+=0 parent=3 child-trig=0
15:45:13 Plane: 56 linked | states 7 modules 13 cycles 4
15:45:14 GitHub: 54 issue F-*
15:47:23 DONE: trigger-new=0 state=54 desc=54 module+=0 cycle+=0 prio=0 type+=0 parent=3 child-trig=0
16:00:15 Plane: 56 linked | states 7 modules 13 cycles 4
16:00:16 GitHub: 54 issue F-*
16:02:24 DONE: trigger-new=0 state=54 desc=54 module+=0 cycle+=0 prio=0 type+=0 parent=3 child-trig=0
16:15:13 Plane: 56 linked | states 7 modules 13 cycles 4
16:15:14 GitHub: 54 issue F-*
16:17:26 DONE: trigger-new=0 state=54 desc=54 module+=0 cycle+=0 prio=0 type+=0 parent=3 child-trig=0
16:30:13 Plane: 56 linked | states 7 modules 13 cycles 4
16:30:14 GitHub: 54 issue F-*
16:32:24 DONE: trigger-new=0 state=54 desc=54 module+=0 cycle+=0 prio=0 type+=0 parent=3 child-trig=0
16:45:13 Plane: 56 linked | states 7 modules 13 cycles 4
16:45:14 GitHub: 54 issue F-*
16:47:25 DONE: trigger-new=0 state=54 desc=54 module+=0 cycle+=0 prio=0 type+=0 parent=3 child-trig=0
17:00:14 Plane: 56 linked | states 7 modules 13 cycles 4
17:00:15 GitHub: 54 issue F-*
17:02:24 DONE: trigger-new=0 state=54 desc=54 module+=0 cycle+=0 prio=0 type+=0 parent=3 child-trig=0
17:15:12 Plane: 56 linked | states 7 modules 13 cycles 4
17:15:13 GitHub: 54 issue F-*
17:17:21 DONE: trigger-new=0 state=54 desc=54 module+=0 cycle+=0 prio=0 type+=0 parent=3 child-trig=0
17:30:13 Plane: 56 linked | states 7 modules 13 cycles 4
17:30:14 GitHub: 54 issue F-*
17:32:23 DONE: trigger-new=0 state=54 desc=54 module+=0 cycle+=0 prio=0 type+=0 parent=3 child-trig=0
17:45:13 Plane: 56 linked | states 7 modules 13 cycles 4
17:45:13 GitHub: 54 issue F-*
17:47:17 DONE: trigger-new=0 state=54 desc=54 module+=0 cycle+=0 prio=0 type+=0 parent=3 child-trig=0
18:00:14 Plane: 56 linked | states 7 modules 13 cycles 4
18:00:15 GitHub: 54 issue F-*
18:02:28 DONE: trigger-new=0 state=54 desc=54 module+=0 cycle+=0 prio=0 type+=0 parent=3 child-trig=0
18:15:13 Plane: 56 linked | states 7 modules 13 cycles 4
18:15:14 GitHub: 54 issue F-*
18:17:27 DONE: trigger-new=0 state=54 desc=54 module+=0 cycle+=0 prio=0 type+=0 parent=3 child-trig=0
18:30:13 Plane: 56 linked | states 7 modules 13 cycles 4
18:30:14 GitHub: 54 issue F-*
18:32:24 DONE: trigger-new=0 state=54 desc=54 module+=0 cycle+=0 prio=0 type+=0 parent=3 child-trig=0
18:45:12 Plane: 56 linked | states 7 modules 13 cycles 4
18:45:13 GitHub: 54 issue F-*
18:47:22 DONE: trigger-new=0 state=54 desc=54 module+=0 cycle+=0 prio=0 type+=0 parent=3 child-trig=0
19:00:14 Plane: 56 linked | states 7 modules 13 cycles 4
19:00:15 GitHub: 54 issue F-*
19:02:27 DONE: trigger-new=0 state=54 desc=54 module+=0 cycle+=0 prio=0 type+=0 parent=3 child-trig=0
19:15:13 Plane: 56 linked | states 7 modules 13 cycles 4
19:15:14 GitHub: 54 issue F-*
19:17:30 DONE: trigger-new=0 state=54 desc=54 module+=0 cycle+=0 prio=0 type+=0 parent=3 child-trig=0
19:30:13 Plane: 56 linked | states 7 modules 13 cycles 4
19:30:14 GitHub: 54 issue F-*
19:32:24 DONE: trigger-new=0 state=54 desc=54 module+=0 cycle+=0 prio=0 type+=0 parent=3 child-trig=0
19:45:13 Plane: 56 linked | states 7 modules 13 cycles 4
19:45:14 GitHub: 54 issue F-*
19:47:26 DONE: trigger-new=0 state=54 desc=54 module+=0 cycle+=0 prio=0 type+=0 parent=3 child-trig=0
20:00:14 Plane: 56 linked | states 7 modules 13 cycles 4
20:00:15 GitHub: 54 issue F-*
20:02:29 DONE: trigger-new=0 state=54 desc=54 module+=0 cycle+=0 prio=0 type+=0 parent=3 child-trig=0
20:15:13 Plane: 56 linked | states 7 modules 13 cycles 4
20:15:14 GitHub: 54 issue F-*
20:17:25 DONE: trigger-new=0 state=54 desc=54 module+=0 cycle+=0 prio=0 type+=0 parent=3 child-trig=0
20:30:13 Plane: 56 linked | states 7 modules 13 cycles 4
20:30:14 GitHub: 54 issue F-*
20:32:19 DONE: trigger-new=0 state=54 desc=54 module+=0 cycle+=0 prio=0 type+=0 parent=3 child-trig=0
20:45:13 Plane: 56 linked | states 7 modules 13 cycles 4
20:45:14 GitHub: 54 issue F-*
20:47:24 DONE: trigger-new=0 state=54 desc=54 module+=0 cycle+=0 prio=0 type+=0 parent=3 child-trig=0
21:00:14 Plane: 56 linked | states 7 modules 13 cycles 4
21:00:15 GitHub: 54 issue F-*
21:02:27 DONE: trigger-new=0 state=54 desc=54 module+=0 cycle+=0 prio=0 type+=0 parent=3 child-trig=0
21:15:13 Plane: 56 linked | states 7 modules 13 cycles 4
21:15:14 GitHub: 54 issue F-*
21:17:25 DONE: trigger-new=0 state=54 desc=54 module+=0 cycle+=0 prio=0 type+=0 parent=3 child-trig=0
21:30:13 Plane: 56 linked | states 7 modules 13 cycles 4
21:30:14 GitHub: 54 issue F-*
21:32:25 DONE: trigger-new=0 state=54 desc=54 module+=0 cycle+=0 prio=0 type+=0 parent=3 child-trig=0
21:45:13 Plane: 56 linked | states 7 modules 13 cycles 4
21:45:13 GitHub: 54 issue F-*
21:47:22 DONE: trigger-new=0 state=54 desc=54 module+=0 cycle+=0 prio=0 type+=0 parent=3 child-trig=0
22:00:14 Plane: 56 linked | states 7 modules 13 cycles 4
22:00:14 GitHub: 54 issue F-*
22:02:29 DONE: trigger-new=0 state=54 desc=54 module+=0 cycle+=0 prio=0 type+=0 parent=3 child-trig=0
22:15:14 Plane: 56 linked | states 7 modules 13 cycles 4
22:15:15 GitHub: 54 issue F-*
22:17:21 DONE: trigger-new=0 state=54 desc=54 module+=0 cycle+=0 prio=0 type+=0 parent=3 child-trig=0
22:30:13 Plane: 56 linked | states 7 modules 13 cycles 4
22:30:14 GitHub: 54 issue F-*
22:32:27 DONE: trigger-new=0 state=54 desc=54 module+=0 cycle+=0 prio=0 type+=0 parent=3 child-trig=0
22:45:14 Plane: 56 linked | states 7 modules 13 cycles 4
22:45:14 GitHub: 54 issue F-*
22:47:19 DONE: trigger-new=0 state=54 desc=54 module+=0 cycle+=0 prio=0 type+=0 parent=3 child-trig=0
23:00:15 Plane: 56 linked | states 7 modules 13 cycles 4
23:00:15 GitHub: 54 issue F-*
23:02:20 DONE: trigger-new=0 state=54 desc=54 module+=0 cycle+=0 prio=0 type+=0 parent=3 child-trig=0
23:15:13 Plane: 56 linked | states 7 modules 13 cycles 4
23:15:14 GitHub: 54 issue F-*
23:17:26 DONE: trigger-new=0 state=54 desc=54 module+=0 cycle+=0 prio=0 type+=0 parent=3 child-trig=0
23:30:13 Plane: 56 linked | states 7 modules 13 cycles 4
23:30:15 GitHub: 54 issue F-*
23:32:26 DONE: trigger-new=0 state=54 desc=54 module+=0 cycle+=0 prio=0 type+=0 parent=3 child-trig=0
23:45:13 Plane: 56 linked | states 7 modules 13 cycles 4
23:45:14 GitHub: 54 issue F-*
23:47:25 DONE: trigger-new=0 state=54 desc=54 module+=0 cycle+=0 prio=0 type+=0 parent=3 child-trig=0
00:00:14 Plane: 56 linked | states 7 modules 13 cycles 4
00:00:15 GitHub: 54 issue F-*
00:02:22 DONE: trigger-new=0 state=54 desc=54 module+=0 cycle+=0 prio=0 type+=0 parent=3 child-trig=0
00:15:13 Plane: 56 linked | states 7 modules 13 cycles 4
00:15:14 GitHub: 54 issue F-*
00:17:22 DONE: trigger-new=0 state=54 desc=54 module+=0 cycle+=0 prio=0 type+=0 parent=3 child-trig=0
00:30:13 Plane: 56 linked | states 7 modules 13 cycles 4
00:30:14 GitHub: 54 issue F-*
00:32:26 DONE: trigger-new=0 state=54 desc=54 module+=0 cycle+=0 prio=0 type+=0 parent=3 child-trig=0
00:45:12 Plane: 56 linked | states 7 modules 13 cycles 4
00:45:13 GitHub: 54 issue F-*
00:47:16 DONE: trigger-new=0 state=54 desc=54 module+=0 cycle+=0 prio=0 type+=0 parent=3 child-trig=0
01:00:17 Plane: 56 linked | states 7 modules 13 cycles 4
01:00:17 GitHub: 54 issue F-*
01:02:20 DONE: trigger-new=0 state=54 desc=54 module+=0 cycle+=0 prio=0 type+=0 parent=3 child-trig=0
01:15:16 Plane: 56 linked | states 7 modules 13 cycles 4
01:15:17 GitHub: 54 issue F-*
01:17:21 DONE: trigger-new=0 state=54 desc=54 module+=0 cycle+=0 prio=0 type+=0 parent=3 child-trig=0
01:30:15 Plane: 56 linked | states 7 modules 13 cycles 4
01:30:16 GitHub: 54 issue F-*
01:32:24 DONE: trigger-new=0 state=54 desc=54 module+=0 cycle+=0 prio=0 type+=0 parent=3 child-trig=0
01:45:14 Plane: 56 linked | states 7 modules 13 cycles 4
01:45:15 GitHub: 54 issue F-*
01:47:19 DONE: trigger-new=0 state=54 desc=54 module+=0 cycle+=0 prio=0 type+=0 parent=3 child-trig=0
02:00:15 Plane: 56 linked | states 7 modules 13 cycles 4
02:00:16 GitHub: 54 issue F-*
02:02:25 DONE: trigger-new=0 state=54 desc=54 module+=0 cycle+=0 prio=0 type+=0 parent=3 child-trig=0
02:15:14 Plane: 56 linked | states 7 modules 13 cycles 4
02:15:15 GitHub: 54 issue F-*
02:17:25 DONE: trigger-new=0 state=54 desc=54 module+=0 cycle+=0 prio=0 type+=0 parent=3 child-trig=0
02:30:14 Plane: 56 linked | states 7 modules 13 cycles 4
02:30:15 GitHub: 54 issue F-*
02:32:26 DONE: trigger-new=0 state=54 desc=54 module+=0 cycle+=0 prio=0 type+=0 parent=3 child-trig=0
02:45:13 Plane: 56 linked | states 7 modules 13 cycles 4
02:45:14 GitHub: 54 issue F-*
02:47:35 DONE: trigger-new=0 state=54 desc=54 module+=0 cycle+=0 prio=0 type+=0 parent=3 child-trig=0
03:00:14 Plane: 56 linked | states 7 modules 13 cycles 4
03:00:15 GitHub: 54 issue F-*
03:02:24 DONE: trigger-new=0 state=54 desc=54 module+=0 cycle+=0 prio=0 type+=0 parent=3 child-trig=0
03:15:14 Plane: 57 linked | states 7 modules 13 cycles 4
03:15:15 GitHub: 54 issue F-*
03:17:20 DONE: trigger-new=0 state=54 desc=54 module+=0 cycle+=0 prio=0 type+=0 parent=3 child-trig=0
03:30:13 Plane: 57 linked | states 7 modules 13 cycles 4
03:30:14 GitHub: 54 issue F-*
03:32:25 DONE: trigger-new=0 state=54 desc=54 module+=0 cycle+=0 prio=0 type+=0 parent=3 child-trig=0
03:45:13 Plane: 57 linked | states 7 modules 13 cycles 4
03:45:14 GitHub: 54 issue F-*
03:47:26 DONE: trigger-new=0 state=54 desc=54 module+=0 cycle+=0 prio=0 type+=0 parent=3 child-trig=0
04:00:15 Plane: 58 linked | states 7 modules 13 cycles 4
04:00:16 GitHub: 54 issue F-*
04:02:26 DONE: trigger-new=0 state=54 desc=54 module+=0 cycle+=0 prio=0 type+=0 parent=3 child-trig=0
04:15:14 Plane: 60 linked | states 7 modules 13 cycles 4
04:15:14 GitHub: 54 issue F-*
04:17:17 DONE: trigger-new=0 state=54 desc=54 module+=0 cycle+=0 prio=0 type+=0 parent=3 child-trig=0
04:30:14 Plane: 65 linked | states 7 modules 13 cycles 4
04:30:14 GitHub: 54 issue F-*
04:32:27 DONE: trigger-new=0 state=54 desc=54 module+=0 cycle+=0 prio=0 type+=0 parent=3 child-trig=0
04:45:14 Plane: 69 linked | states 7 modules 13 cycles 4
04:45:15 GitHub: 54 issue F-*
04:47:29 DONE: trigger-new=0 state=54 desc=54 module+=0 cycle+=0 prio=0 type+=0 parent=3 child-trig=0
05:00:15 Plane: 74 linked | states 7 modules 13 cycles 4
05:00:16 GitHub: 54 issue F-*
05:02:33 DONE: trigger-new=0 state=54 desc=54 module+=0 cycle+=0 prio=0 type+=0 parent=3 child-trig=0
05:15:13 Plane: 75 linked | states 7 modules 13 cycles 4
05:15:14 GitHub: 54 issue F-*
05:17:25 DONE: trigger-new=0 state=54 desc=54 module+=0 cycle+=0 prio=0 type+=0 parent=3 child-trig=0
05:30:15 Plane: 75 linked | states 7 modules 13 cycles 4
05:30:15 GitHub: 54 issue F-*
05:32:20 DONE: trigger-new=0 state=54 desc=54 module+=0 cycle+=0 prio=0 type+=0 parent=3 child-trig=0
05:45:14 Plane: 75 linked | states 7 modules 13 cycles 4
05:45:14 GitHub: 54 issue F-*
05:47:21 DONE: trigger-new=0 state=54 desc=54 module+=0 cycle+=0 prio=0 type+=0 parent=3 child-trig=0
06:00:14 Plane: 75 linked | states 7 modules 13 cycles 4
06:00:15 GitHub: 54 issue F-*
06:02:24 DONE: trigger-new=0 state=54 desc=54 module+=0 cycle+=0 prio=0 type+=0 parent=3 child-trig=0
06:15:13 Plane: 75 linked | states 7 modules 13 cycles 4
06:15:14 GitHub: 54 issue F-*
06:17:22 DONE: trigger-new=0 state=54 desc=54 module+=0 cycle+=0 prio=0 type+=0 parent=3 child-trig=0
06:30:17 Plane: 75 linked | states 7 modules 13 cycles 4
06:30:18 GitHub: 54 issue F-*
06:32:22 DONE: trigger-new=0 state=54 desc=54 module+=0 cycle+=0 prio=0 type+=0 parent=3 child-trig=0
06:45:13 Plane: 75 linked | states 7 modules 13 cycles 4
06:45:14 GitHub: 54 issue F-*
06:47:20 DONE: trigger-new=0 state=54 desc=54 module+=0 cycle+=0 prio=0 type+=0 parent=3 child-trig=0
07:00:15 Plane: 75 linked | states 7 modules 13 cycles 4
07:00:16 GitHub: 54 issue F-*
07:02:24 DONE: trigger-new=0 state=54 desc=54 module+=0 cycle+=0 prio=0 type+=0 parent=3 child-trig=0
07:15:13 Plane: 75 linked | states 7 modules 13 cycles 4
07:15:14 GitHub: 54 issue F-*
07:18:54 DONE: trigger-new=0 state=54 desc=54 module+=0 cycle+=0 prio=0 type+=0 parent=3 child-trig=0
07:30:13 Plane: 76 linked | states 7 modules 13 cycles 4
07:30:14 GitHub: 54 issue F-*
07:32:24 DONE: trigger-new=0 state=54 desc=54 module+=0 cycle+=0 prio=0 type+=0 parent=3 child-trig=0
07:45:14 Plane: 76 linked | states 7 modules 13 cycles 4
07:45:15 GitHub: 54 issue F-*
07:47:26 DONE: trigger-new=0 state=54 desc=54 module+=0 cycle+=0 prio=0 type+=0 parent=3 child-trig=0
08:00:14 Plane: 80 linked | states 7 modules 13 cycles 4
08:00:15 GitHub: 54 issue F-*
08:02:24 DONE: trigger-new=0 state=54 desc=54 module+=0 cycle+=0 prio=0 type+=0 parent=3 child-trig=0
08:15:14 Plane: 80 linked | states 7 modules 13 cycles 4
08:15:15 GitHub: 54 issue F-*
08:17:27 DONE: trigger-new=0 state=54 desc=54 module+=0 cycle+=0 prio=0 type+=0 parent=3 child-trig=0
08:30:15 Plane: 80 linked | states 7 modules 13 cycles 4
08:30:16 GitHub: 54 issue F-*
08:32:20 DONE: trigger-new=0 state=54 desc=54 module+=0 cycle+=0 prio=0 type+=0 parent=3 child-trig=0
08:45:14 Plane: 80 linked | states 7 modules 13 cycles 4
08:45:15 GitHub: 54 issue F-*
08:47:42 DONE: trigger-new=0 state=54 desc=54 module+=0 cycle+=0 prio=0 type+=0 parent=3 child-trig=0
09:00:15 Plane: 80 linked | states 7 modules 13 cycles 4
09:00:16 GitHub: 54 issue F-*
09:02:23 DONE: trigger-new=0 state=54 desc=54 module+=0 cycle+=0 prio=0 type+=0 parent=3 child-trig=0
09:15:13 Plane: 80 linked | states 7 modules 13 cycles 4
09:15:14 GitHub: 54 issue F-*
09:17:17 DONE: trigger-new=0 state=54 desc=54 module+=0 cycle+=0 prio=0 type+=0 parent=3 child-trig=0
